../Core/Src/main.c:148:5:main	8	static
../Core/Src/main.c:265:6:SystemClock_Config	72	static
../Core/Src/main.c:305:13:MX_I2C1_Init	8	static
../Core/Src/main.c:339:13:MX_I2C2_Init	8	static
../Core/Src/main.c:373:13:MX_TIM2_Init	48	static
../Core/Src/main.c:422:13:MX_USART1_UART_Init	8	static
../Core/Src/main.c:455:13:MX_GPIO_Init	40	static
../Core/Src/main.c:483:6:HAL_UART_RxCpltCallback	16	static
../Core/Src/main.c:507:6:StartSensorTask	32	static,ignoring_inline_asm
../Core/Src/main.c:534:6:StartLCDTask	80	static,ignoring_inline_asm
../Core/Src/main.c:590:6:StartUARTTxTask	120	static,ignoring_inline_asm
../Core/Src/main.c:624:6:StartUARTRxTask	104	static,ignoring_inline_asm
../Core/Src/main.c:698:6:StartMotorTask	16	static,ignoring_inline_asm
../Core/Src/main.c:730:6:Error_Handler	4	static,ignoring_inline_asm
