../Core/Src/main.c:96:6:parse_command	104	static
../Core/Src/main.c:135:6:task_sensor	16	static
../Core/Src/main.c:144:6:task_lcd	64	static
../Core/Src/main.c:183:6:task_uart_tx	88	static
../Core/Src/main.c:190:6:task_motor	8	static
../Core/Src/main.c:211:6:HAL_TIM_PeriodElapsedCallback	16	static
../Core/Src/main.c:237:5:main	8	static
../Core/Src/main.c:329:6:SystemClock_Config	72	static
../Core/Src/main.c:369:13:MX_I2C1_Init	8	static
../Core/Src/main.c:403:13:MX_I2C2_Init	8	static
../Core/Src/main.c:437:13:MX_TIM1_Init	32	static
../Core/Src/main.c:483:13:MX_TIM2_Init	48	static
../Core/Src/main.c:532:13:MX_USART1_UART_Init	8	static
../Core/Src/main.c:565:13:MX_GPIO_Init	40	static
../Core/Src/main.c:603:6:HAL_UART_RxCpltCallback	16	static
../Core/Src/main.c:623:6:Error_Handler	4	static,ignoring_inline_asm
