../Core/Src/main.c:181:1:__io_putchar	16	static
../Core/Src/main.c:187:6:HAL_UART_RxCpltCallback	16	static
../Core/Src/main.c:211:6:MOTOR_SetSpeed	16	static
../Core/Src/main.c:220:6:MOTOR_SetDirection	16	static
../Core/Src/main.c:232:6:MOTOR_Stop	8	static
../Core/Src/main.c:244:5:main	8	static
../Core/Src/main.c:382:6:SystemClock_Config	72	static
../Core/Src/main.c:422:13:MX_I2C1_Init	8	static
../Core/Src/main.c:456:13:MX_I2C2_Init	8	static
../Core/Src/main.c:490:13:MX_TIM2_Init	64	static
../Core/Src/main.c:549:13:MX_USART1_UART_Init	8	static
../Core/Src/main.c:582:13:MX_GPIO_Init	40	static
../Core/Src/main.c:620:6:UART_CommandHandlerTask	32	static
../Core/Src/main.c:739:6:MotorControlTask	32	static
../Core/Src/main.c:788:6:SensorReadTask	40	static
../Core/Src/main.c:830:6:LCD_DisplayTask	88	static
../Core/Src/main.c:906:6:UART_ReportSendTask	48	static
../Core/Src/main.c:943:6:UART_ParseCommandTask	64	static
../Core/Src/main.c:1079:6:HAL_TIM_PeriodElapsedCallback	16	static
../Core/Src/main.c:1097:6:Error_Handler	4	static,ignoring_inline_asm
