../Core/Src/main.c:86:6:parse_command	104	static
../Core/Src/main.c:123:6:task_sensor	16	static
../Core/Src/main.c:132:6:task_lcd	64	static
../Core/Src/main.c:172:6:task_uart_tx	88	static
../Core/Src/main.c:179:6:task_motor	8	static
../Core/Src/main.c:201:6:loop_scheduler	8	static
../Core/Src/main.c:230:5:main	8	static
../Core/Src/main.c:296:6:SystemClock_Config	72	static
../Core/Src/main.c:336:13:MX_I2C1_Init	8	static
../Core/Src/main.c:370:13:MX_I2C2_Init	8	static
../Core/Src/main.c:404:13:MX_TIM2_Init	48	static
../Core/Src/main.c:453:13:MX_USART1_UART_Init	8	static
../Core/Src/main.c:486:13:MX_GPIO_Init	40	static
../Core/Src/main.c:514:6:HAL_UART_RxCpltCallback	16	static
../Core/Src/main.c:538:6:Error_Handler	4	static,ignoring_inline_asm
